map "http://hl7.org/fhir/StructureMap/ClinicalImpression4to3" = "R4 to R3 Conversion for ClinicalImpression"

conceptmap "ClinicalImpressionStatus" {
  prefix s = "http://hl7.org/fhir/event-status"
  prefix t = "http://hl7.org/fhir/clinical-impression-status"

  s:"'in-progress'" - t:draft
  s:completed - t:completed
  s:"'entered-in-error'" - t:"'entered-in-error'"
}

uses "http://hl7.org/fhir/StructureDefinition/ClinicalImpression" alias ClinicalImpression as source
uses "http://hl7.org/fhir/3.0/StructureDefinition/ClinicalImpression" alias ClinicalImpressionR3 as target

imports "http://hl7.org/fhir/StructureMap/*4to3"

group ClinicalImpression(source src : ClinicalImpression, target tgt : ClinicalImpressionR3) extends DomainResource <<type+>> {
  src.identifier as vs -> tgt.identifier as vt then Identifier(vs, vt);
  src.status as v -> tgt.status = translate(v, '#ClinicalImpressionStatus', 'code');
  src.code as vs -> tgt.code as vt then CodeableConcept(vs, vt);
  src.description as vs -> tgt.description as vt then markdown(vs, vt);
  src.subject as vs -> tgt.subject as vt then Reference(vs, vt);
  src.encounter -> tgt.context;
  src.effective : dateTime as vs -> tgt.effective = create('dateTime') as vt then dateTime(vs, vt);
  src.effective : Period as vs -> tgt.effective = create('Period') as vt then Period(vs, vt);
  src.date as vs -> tgt.date as vt then dateTime(vs, vt);
  src.assessor as vs -> tgt.assessor as vt then string(vs, vt);
  src.previous as vs -> tgt.previous as vt then string(vs, vt);
  src.problem as vs -> tgt.problem as vt then string(vs, vt);
  src.investigation as vs0 -> tgt.investigation as vt0 then investigation(vs0, vt0);
  src.protocol as vs -> tgt.protocol as vt then string(vs, vt);
  src.summary as vs -> tgt.summary as vt then string(vs, vt);
  src.finding as vs0 -> tgt.finding as vt0 then finding(vs0, vt0);
  src.prognosisCodeableConcept as vs -> tgt.prognosisCodeableConcept as vt then string(vs, vt);
  src.prognosisReference as vs -> tgt.prognosisReference as vt then string(vs, vt);
  src.extension as e where url = 'http://hl7.org/fhir/3.0/StructureDefinition/extension-ClinicalImpression.action' then {
    e.value -> tgt.action;
  };
  src.note as vs -> tgt.note as vt then Annotation(vs, vt);
}

group investigation(source src, target tgt) extends BackboneElement {
  src.code as vs -> tgt.code as vt then CodeableConcept(vs, vt);
  src.item as vs -> tgt.item as vt then string(vs, vt);
}

group finding(source src, target tgt) extends BackboneElement {
  src.itemCodeableConcept as vs -> tgt.item = create('CodeableConcept') as vt then CodeableConcept(vs, vt);
  src.itemReference as vs -> tgt.item = create('Reference') as vt then Reference(vs, vt);
  src.basis as vs -> tgt.basis as vt then string(vs, vt);
}

