map "http://hl7.org/fhir/StructureMap/Practitioner4to3" = "R4 to R3 Conversion for Practitioner"

uses "http://hl7.org/fhir/StructureDefinition/Practitioner" alias Practitioner as source
uses "http://hl7.org/fhir/3.0/StructureDefinition/Practitioner" alias PractitionerR3 as target

imports "http://hl7.org/fhir/StructureMap/*4to3"

group Practitioner(source src : Practitioner, target tgt : PractitionerR3) extends DomainResource <<type+>> {
  src.identifier as vs -> tgt.identifier as vt then Identifier(vs, vt);
  src.active as vs -> tgt.active as vt then boolean(vs, vt);
  src.name as vs -> tgt.name as vt then HumanName(vs, vt);
  src.telecom as vs -> tgt.telecom as vt then ContactPoint(vs, vt);
  src.address as vs -> tgt.address as vt then Address(vs, vt);
  src.gender as vs -> tgt.gender as vt then code(vs, vt);
  src.birthDate as vs -> tgt.birthDate as vt then date(vs, vt);
  src.photo as vs -> tgt.photo as vt then Attachment(vs, vt);
  src.qualification as vs0 -> tgt.qualification as vt0 then {
    vs0.identifier as vs -> vt0.identifier as vt then Identifier(vs, vt);
    vs0.code as vs -> vt0.code as vt then CodeableConcept(vs, vt);
    vs0.period as vs -> vt0.period as vt then Period(vs, vt);
    vs0.issuer as vs -> vt0.issuer as vt then Reference(vs, vt);
  };
  src.communication as vs -> tgt.communication as vt then CodeableConcept(vs, vt);
}

