map "http://hl7.org/fhir/StructureMap/ResearchSubject4to3" = "R4 to R3 Conversion for ResearchSubject"

conceptmap "ResourceSubjectStatus" {
  prefix s = "http://hl7.org/fhir/research-study-status"
  prefix t = "http://hl7.org/fhir/research-study-status"

  s:candidate - t:candidate
  s:enrolled - t:"on-study"
  s:active - t:"on-study-intervention"
  s:suspended - t:"on-study-observation"
  s:withdrawn - t:withdrawn
  s:completed - t:"off-study"
}

uses "http://hl7.org/fhir/StructureDefinition/ResearchSubject" alias ResearchSubject as source
uses "http://hl7.org/fhir/3.0/StructureDefinition/ResearchSubject" alias ResearchSubjectR3 as target

imports "http://hl7.org/fhir/StructureMap/*4to3"

group ResearchSubject(source src : ResearchSubjectR3, target tgt : ResearchSubject) extends DomainResource <<type+>> {
  src.identifier as vs -> tgt.identifier as vt then Identifier(vs, vt);
  src.status as v -> tgt.status = translate(v, '#ResourceSubjectStatus', 'code');
  src.status as vs -> tgt.status as vt then code(vs, vt);
  src.period as vs -> tgt.period as vt then string(vs, vt);
  src.study as vs -> tgt.study as vt then string(vs, vt);
  src.individual as vs -> tgt.individual as vt then string(vs, vt);
  src.assignedArm as vs -> tgt.assignedArm as vt then string(vs, vt);
  src.actualArm as vs -> tgt.actualArm as vt then string(vs, vt);
  src.consent as vs -> tgt.consent as vt then string(vs, vt);
}

