map "http://hl7.org/fhir/StructureMap/CompartmentDefinition4to3" = "R4 to R3 Conversion for CompartmentDefinition"

uses "http://hl7.org/fhir/StructureDefinition/CompartmentDefinition" alias CompartmentDefinition as source
uses "http://hl7.org/fhir/3.0/StructureDefinition/CompartmentDefinition" alias CompartmentDefinitionR3 as target

imports "http://hl7.org/fhir/StructureMap/*4to3"

group CompartmentDefinition(source src : CompartmentDefinition, target tgt : CompartmentDefinitionR3) extends DomainResource <<type+>> {
  src.url as vs -> tgt.url as vt then uri(vs, vt);
  src.name as vs -> tgt.name as vt then string(vs, vt);
  src.status as vs -> tgt.status as vt then code(vs, vt);
  src.experimental as vs -> tgt.experimental as vt then boolean(vs, vt);
  src.date as vs -> tgt.date as vt then dateTime(vs, vt);
  src.publisher as vs -> tgt.publisher as vt then string(vs, vt);
  src.contact -> tgt.contact;
  src.description as vs -> tgt.description as vt then markdown(vs, vt);
  src.purpose as vs -> tgt.purpose as vt then markdown(vs, vt);
  src.useContext as vs -> tgt.useContext as vt then string(vs, vt);
  src.code as vs -> tgt.code as vt then CodeableConcept(vs, vt);
  src.search as vs -> tgt.search as vt then string(vs, vt);
  src.resource as vs0 -> tgt.resource as vt0 then {
    vs0.code -> vt0.code;
    vs0.param -> vt0.param;
    vs0.documentation -> vt0.documentation;
  };
}

