map "http://hl7.org/fhir/StructureMap/DetectedIssue4to3" = "R4 to R3 Conversion for DetectedIssue"

uses "http://hl7.org/fhir/StructureDefinition/DetectedIssue" alias DetectedIssue as source
uses "http://hl7.org/fhir/3.0/StructureDefinition/DetectedIssue" alias DetectedIssueR3 as target

imports "http://hl7.org/fhir/StructureMap/*4to3"

group DetectedIssue(source src : DetectedIssue, target tgt : DetectedIssueR3) extends DomainResource <<type+>> {
  src.identifier as vs -> tgt.identifier as vt then Identifier(vs, vt);
  src.status as vs -> tgt.status as vt then code(vs, vt);
  src.code -> tgt.category;
  src.severity as vs -> tgt.severity as vt then string(vs, vt);
  src.patient as vs -> tgt.patient as vt then string(vs, vt);
  src.identified : dateTime as vs -> tgt.date as vt then dateTime(vs, vt);
  src.author as vs -> tgt.author as vt then string(vs, vt);
  src.implicated as vs -> tgt.implicated as vt then string(vs, vt);
  src.detail as vs -> tgt.detail as vt then string(vs, vt);
  src.reference as vs -> tgt.reference as vt then string(vs, vt);
  src.mitigation as vs0 -> tgt.mitigation as vt0 then mitigation(vs0, vt0);
}

group mitigation(source src, target tgt) extends BackboneElement {
  src.action as vs -> tgt.action as vt then string(vs, vt);
  src.date as vs -> tgt.date as vt then dateTime(vs, vt);
  src.author as vs -> tgt.author as vt then string(vs, vt);
}

