map "http://hl7.org/fhir/StructureMap/Endpoint4to3" = "R4 to R3 Conversion for Endpoint"

uses "http://hl7.org/fhir/StructureDefinition/Endpoint" alias Endpoint as source
uses "http://hl7.org/fhir/3.0/StructureDefinition/Endpoint" alias EndpointR3 as target

imports "http://hl7.org/fhir/StructureMap/*4to3"

group Endpoint(source src : Endpoint, target tgt : EndpointR3) extends DomainResource <<type+>> {
  src.identifier as vs -> tgt.identifier as vt then Identifier(vs, vt);
  src.status as vs -> tgt.status as vt then code(vs, vt);
  src.connectionType as vs -> tgt.connectionType as vt then string(vs, vt);
  src.name as vs -> tgt.name as vt then string(vs, vt);
  src.managingOrganization as vs -> tgt.managingOrganization as vt then Reference(vs, vt);
  src.contact -> tgt.contact;
  src.period as vs -> tgt.period as vt then string(vs, vt);
  src.payloadType as vs -> tgt.payloadType as vt then string(vs, vt);
  src.payloadMimeType as vs -> tgt.payloadMimeType as vt then string(vs, vt);
  src.address as vs -> tgt.address as vt then Address(vs, vt);
  src.header as vs -> tgt.header as vt then string(vs, vt);
}

