map "http://hl7.org/fhir/StructureMap/Location4to3" = "R4 to R3 Conversion for Location"

uses "http://hl7.org/fhir/StructureDefinition/Location" alias Location as source
uses "http://hl7.org/fhir/3.0/StructureDefinition/Location" alias LocationR3 as target

imports "http://hl7.org/fhir/StructureMap/*4to3"

group Location(source src : Location, target tgt : LocationR3) extends DomainResource <<type+>> {
  src.identifier as vs -> tgt.identifier as vt then Identifier(vs, vt);
  src.status as vs -> tgt.status as vt then code(vs, vt);
  src.operationalStatus as vs -> tgt.operationalStatus as vt then string(vs, vt);
  src.name as vs -> tgt.name as vt then string(vs, vt);
  src.alias as vs -> tgt.alias as vt then string(vs, vt);
  src.description as vs -> tgt.description as vt then markdown(vs, vt);
  src.mode as vs -> tgt.mode as vt then string(vs, vt);
  src.type as vs -> tgt.type as vt then string(vs, vt);
  src.telecom as vs -> tgt.telecom as vt then ContactPoint(vs, vt);
  src.address as vs -> tgt.address as vt then Address(vs, vt);
  src.physicalType as vs -> tgt.physicalType as vt then string(vs, vt);
  src.position as vs0 -> tgt.position as vt0 then position(vs0, vt0);
  src.managingOrganization as vs -> tgt.managingOrganization as vt then Reference(vs, vt);
  src.partOf as vs -> tgt.partOf as vt then string(vs, vt);
  src.endpoint as vs -> tgt.endpoint as vt then string(vs, vt);
}

group position(source src, target tgt) extends BackboneElement {
  src.longitude as vs -> tgt.longitude as vt then string(vs, vt);
  src.latitude as vs -> tgt.latitude as vt then string(vs, vt);
  src.altitude as vs -> tgt.altitude as vt then string(vs, vt);
}

