map "http://hl7.org/fhir/StructureMap/MedicinalProductDeviceSpec4to3" = "R4 to R3 Conversion for MedicinalProductDeviceSpec"

uses "http://hl7.org/fhir/StructureDefinition/MedicinalProductDeviceSpec" alias MedicinalProductDeviceSpec as source
uses "http://hl7.org/fhir/3.0/StructureDefinition/MedicinalProductDeviceSpec" alias MedicinalProductDeviceSpecR3 as target

imports "http://hl7.org/fhir/StructureMap/*4to3"

group MedicinalProductDeviceSpec(source src : MedicinalProductDeviceSpecR3, target tgt : MedicinalProductDeviceSpec) extends DomainResource <<type+>> {
  src.identifier as vs -> tgt.identifier as vt then Identifier(vs, vt);
  src.type as vs -> tgt.type as vt then string(vs, vt);
  src.tradeName as vs -> tgt.tradeName as vt then string(vs, vt);
  src.quantity as vs -> tgt.quantity as vt then string(vs, vt);
  src.listingNumber as vs -> tgt.listingNumber as vt then string(vs, vt);
  src.modelNumber as vs -> tgt.modelNumber as vt then string(vs, vt);
  src.sterilityIndicator as vs -> tgt.sterilityIndicator as vt then string(vs, vt);
  src.sterilisationRequirement as vs -> tgt.sterilisationRequirement as vt then string(vs, vt);
  src.usage as vs -> tgt.usage as vt then string(vs, vt);
  src.nomenclature as vs -> tgt.nomenclature as vt then string(vs, vt);
  src.shelfLife as vs -> tgt.shelfLife as vt then string(vs, vt);
  src.physicalCharacteristics as vs -> tgt.physicalCharacteristics as vt then string(vs, vt);
  src.otherCharacteristics as vs -> tgt.otherCharacteristics as vt then string(vs, vt);
  src.batchIdentifier as vs -> tgt.batchIdentifier as vt then string(vs, vt);
  src.manufacturer as vs -> tgt.manufacturer as vt then string(vs, vt);
  src.material as s -> tgt.material as t then MedicinalProductDeviceSpecMaterial(s, t);
}

group MedicinalProductDeviceSpecMaterial(source src, target tgt) extends BackboneElement {
  src.substance as vs -> tgt.substance as vt then string(vs, vt);
  src.alternate as vs -> tgt.alternate as vt then string(vs, vt);
  src.allergenicIndicator as vs -> tgt.allergenicIndicator as vt then string(vs, vt);
}

