map "http://hl7.org/fhir/StructureMap/NamingSystem4to3" = "R4 to R3 Conversion for NamingSystem"

uses "http://hl7.org/fhir/StructureDefinition/NamingSystem" alias NamingSystem as source
uses "http://hl7.org/fhir/3.0/StructureDefinition/NamingSystem" alias NamingSystemR3 as target

imports "http://hl7.org/fhir/StructureMap/*4to3"

group NamingSystem(source src : NamingSystem, target tgt : NamingSystemR3) extends DomainResource <<type+>> {
  src.name as vs -> tgt.name as vt then string(vs, vt);
  src.status as vs -> tgt.status as vt then code(vs, vt);
  src.kind as vs -> tgt.kind as vt then string(vs, vt);
  src.date as vs -> tgt.date as vt then dateTime(vs, vt);
  src.publisher as vs -> tgt.publisher as vt then string(vs, vt);
  src.contact -> tgt.contact;
  src.responsible as vs -> tgt.responsible as vt then string(vs, vt);
  src.type as vs -> tgt.type as vt then string(vs, vt);
  src.description as vs -> tgt.description as vt then markdown(vs, vt);
  src.useContext as vs -> tgt.useContext as vt then string(vs, vt);
  src.jurisdiction as vs -> tgt.jurisdiction as vt then string(vs, vt);
  src.usage as vs -> tgt.usage as vt then string(vs, vt);
  src.uniqueId as vs0 -> tgt.uniqueId as vt0 then {
    vs0.type -> vt0.type;
    vs0.value -> vt0.value;
    vs0.preferred -> vt0.preferred;
    vs0.comment -> vt0.comment;
    vs0.period -> vt0.period;
  };
}

