map "http://hl7.org/fhir/StructureMap/ProcessRequest4to3" = "R4 to R3 Conversion for ProcessRequest"

uses "http://hl7.org/fhir/StructureDefinition/ProcessRequest" alias ProcessRequest as source
uses "http://hl7.org/fhir/3.0/StructureDefinition/ProcessRequest" alias ProcessRequestR3 as target

imports "http://hl7.org/fhir/StructureMap/*4to3"

group ProcessRequest(source src : ProcessRequest, target tgt : ProcessRequestR3) extends DomainResource <<type+>> {
  src.identifier as vs -> tgt.identifier as vt then Identifier(vs, vt);
  src.status as vs -> tgt.status as vt then code(vs, vt);
  src.action as vs -> tgt.action as vt then string(vs, vt);
  src.target as vs -> tgt.target as vt then string(vs, vt);
  src.created as vs -> tgt.created as vt then dateTime(vs, vt);
  src.provider as vs -> tgt.provider as vt then string(vs, vt);
  src.response as vs -> tgt.response as vt then string(vs, vt);
  src.nullify as vs -> tgt.nullify as vt then string(vs, vt);
  src.reference as vs -> tgt.reference as vt then string(vs, vt);
  src.include as vs -> tgt.include as vt then string(vs, vt);
  src.exclude as vs -> tgt.exclude as vt then string(vs, vt);
  src.period as vs -> tgt.period as vt then string(vs, vt);
}

