map "http://hl7.org/fhir/StructureMap/QuestionnaireResponse4to3" = "R4 to R3 Conversion for QuestionnaireResponse"

uses "http://hl7.org/fhir/StructureDefinition/QuestionnaireResponse" alias QuestionnaireResponse as source
uses "http://hl7.org/fhir/3.0/StructureDefinition/QuestionnaireResponse" alias QuestionnaireResponseR3 as target

imports "http://hl7.org/fhir/StructureMap/*4to3"

group QuestionnaireResponse(source src : QuestionnaireResponse, target tgt : QuestionnaireResponseR3) extends DomainResource <<type+>> {
  src.identifier as vs -> tgt.identifier as vt then Identifier(vs, vt);
  src.basedOn as vs -> tgt.basedOn as vt then string(vs, vt);
  src.partOf -> tgt.parent;
  src.questionnaire as vs -> tgt.questionnaire as vt then string(vs, vt);
  src.status as vs -> tgt.status as vt then code(vs, vt);
  src.subject as vs -> tgt.subject as vt then Reference(vs, vt);
  src.encounter -> tgt.context;
  src.authored as vs -> tgt.authored as vt then string(vs, vt);
  src.author as vs -> tgt.author as vt then string(vs, vt);
  src.source as vs -> tgt.source as vt then string(vs, vt);
  src.item as vs0 -> tgt.item as vt0 then item(vs0, vt0);
}

group item(source src, target tgt) extends BackboneElement {
  src.linkId as vs -> tgt.linkId as vt then string(vs, vt);
  src.definition as vs -> tgt.definition as vt then string(vs, vt);
  src.text as vs -> tgt.text as vt then Narrative(vs, vt);
  src.extension as e where url = 'http://hl7.org/fhir/3.0/StructureDefinition/extension-QuestionnaireResponse.item.subject' then {
    e.value -> tgt.subject;
  };
  src.answer as vs0 -> tgt.answer as vt0 then answer(vs0, vt0);
  src.item as vs0 -> tgt.item as vt0 then item(vs0, vt0);
}

group answer(source src, target tgt) extends BackboneElement {
  src.value as vs -> tgt.value as vt then Quantity(vs, vt);
  src.item as vs0 -> tgt.item as vt0 then item(vs0, vt0);
}

