map "http://hl7.org/fhir/StructureMap/EnrollmentResponse4to3" = "R4 to R3 Conversion for EnrollmentResponse"

uses "http://hl7.org/fhir/StructureDefinition/EnrollmentResponse" alias EnrollmentResponse as source
uses "http://hl7.org/fhir/3.0/StructureDefinition/EnrollmentResponse" alias EnrollmentResponseR3 as target

imports "http://hl7.org/fhir/StructureMap/*4to3"

group EnrollmentResponse(source src : EnrollmentResponseR3, target tgt : EnrollmentResponse) extends DomainResource <<type+>> {
  src.identifier as vs -> tgt.identifier as vt then Identifier(vs, vt);
  src.status as vs -> tgt.status as vt then code(vs, vt);
  src.request as vs -> tgt.request as vt then string(vs, vt);
  src.outcome as vs where value in ('complete' | 'error' | 'partial') ->  tgt.outcome as vt,  vt.coding as c,  c.system = 'http://hl7.org/fhir/remittance-outcome',  c.code = vs;
  src.disposition as vs -> tgt.disposition as vt then string(vs, vt);
  src.created as vs -> tgt.created as vt then dateTime(vs, vt);
  src.organization as vs -> tgt.organization as vt then string(vs, vt);
  src.requestProvider as vs -> tgt.requestProvider as vt then string(vs, vt);
}

