map "http://hl7.org/fhir/StructureMap/Organization4to3" = "R4 to R3 Conversion for Organization"

uses "http://hl7.org/fhir/StructureDefinition/Organization" alias Organization as source
uses "http://hl7.org/fhir/3.0/StructureDefinition/Organization" alias OrganizationR3 as target

imports "http://hl7.org/fhir/StructureMap/*4to3"

group Organization(source src : Organization, target tgt : OrganizationR3) extends DomainResource <<type+>> {
  src.identifier as vs -> tgt.identifier as vt then Identifier(vs, vt);
  src.active as vs -> tgt.active as vt then boolean(vs, vt);
  src.type as vs -> tgt.type as vt then string(vs, vt);
  src.name as vs -> tgt.name as vt then string(vs, vt);
  src.alias as vs -> tgt.alias as vt then string(vs, vt);
  src.telecom as vs -> tgt.telecom as vt then ContactPoint(vs, vt);
  src.address as vs -> tgt.address as vt then Address(vs, vt);
  src.partOf as vs -> tgt.partOf as vt then string(vs, vt);
  src.contact as vs0 -> tgt.contact as vt0 then contact(vs0, vt0);
  src.endpoint as vs -> tgt.endpoint as vt then string(vs, vt);
}

group contact(source src, target tgt) extends BackboneElement {
  src.purpose as vs -> tgt.purpose as vt then markdown(vs, vt);
  src.name as vs -> tgt.name as vt then string(vs, vt);
  src.telecom as vs -> tgt.telecom as vt then ContactPoint(vs, vt);
  src.address as vs -> tgt.address as vt then Address(vs, vt);
}

